ServoControl.h:6:6:robotInit	88	static
ServoControl.h:17:5:robot_control_cmd	40	static
ServoControl.h:49:5:robotRotate	40	static
ServoControl.h:59:5:robot_putDown	32	static
ServoControl.h:68:5:robot_pickUp	32	static
main.c:81:1:__io_putchar	16	static
main.c:85:1:__io_getchar	24	static
main.c:104:5:main	16	static
main.c:180:6:SystemClock_Config	312	static
main.c:232:13:MX_USART2_UART_Init	8	static
main.c:273:13:MX_USART3_UART_Init	8	static
main.c:314:13:MX_GPIO_Init	56	static
main.c:367:6:init	4	static
main.c:377:6:grafcet	40	static
main.c:514:6:Error_Handler	4	static,ignoring_inline_asm
